ExBudget {exBudgetCPU = ExCPU 41838718, exBudgetMemory = ExMemory 135720}