ExBudget {exBudgetCPU = ExCPU 41750978, exBudgetMemory = ExMemory 135720}