ExBudget {exBudgetCPU = ExCPU 34365985, exBudgetMemory = ExMemory 96630}