ExBudget {exBudgetCPU = ExCPU 41124166, exBudgetMemory = ExMemory 133320}