ExBudget {exBudgetCPU = ExCPU 36121821, exBudgetMemory = ExMemory 114820}