(delay (lam case_True_148 (lam case_False_149 [ case_True_148 (prod ) ])))