(delay (lam case_True_182 (lam case_False_183 [ case_True_182 (prod ) ])))