(delay (lam case_True_239 (lam case_False_240 [ case_True_239 (prod ) ])))