(delay (lam case_True_178 (lam case_False_179 [ case_True_178 (prod ) ])))