(delay
  (lam
    case_Tuple2_63
    [
      case_Tuple2_63
      (prod
        (con integer 1)
        (delay
          (lam
            case_Nil_53
            (lam
              case_Cons_54
              [
                case_Cons_54
                (prod
                  (con integer 2)
                  (delay
                    (lam
                      case_Nil_53
                      (lam
                        case_Cons_54
                        [
                          case_Cons_54
                          (prod
                            (con integer 3)
                            (delay
                              (lam
                                case_Nil_49
                                (lam case_Cons_50 [ case_Nil_49 (prod ) ])
                              )
                            )
                          )
                        ]
                      )
                    )
                  )
                )
              ]
            )
          )
        )
      )
    ]
  )
)